Archive member included because of file (symbol)

c:/winavr-20090313/bin/../lib/gcc/avr/4.3.2/avr6\libgcc.a(_udivmodhi4.o)
                              Power_Saver_Servant.o (__udivmodhi4)
c:/winavr-20090313/bin/../lib/gcc/avr/4.3.2/avr6\libgcc.a(_exit.o)
                              c:/winavr-20090313/bin/../lib/gcc/avr/4.3.2/../../../../avr/lib/avr6/crtm2560.o (exit)
c:/winavr-20090313/bin/../lib/gcc/avr/4.3.2/avr6\libgcc.a(_clear_bss.o)
                              Power_Saver_Servant.o (__do_clear_bss)

Allocating common symbols
Common symbol       size              file

million             0x2               Power_Saver_Servant.o
last_on             0x1               Power_Saver_Servant.o
temp                0x2               Power_Saver_Servant.o
ADC_Value           0x1               ADC.o
i                   0x2               Power_Saver_Servant.o
tens                0x2               Power_Saver_Servant.o
data                0x1               Power_Saver_Servant.o
hundred             0x2               Power_Saver_Servant.o
unit                0x2               Power_Saver_Servant.o
thousand            0x2               Power_Saver_Servant.o

Memory Configuration

Name             Origin             Length             Attributes
text             0x00000000         0x00100000         xr
data             0x00800200         0x0000fe00         rw !x
eeprom           0x00810000         0x00010000         rw !x
fuse             0x00820000         0x00000400         rw !x
lock             0x00830000         0x00000400         rw !x
signature        0x00840000         0x00000400         rw !x
*default*        0x00000000         0xffffffff

Linker script and memory map

Address of section .data set to 0x800200
LOAD c:/winavr-20090313/bin/../lib/gcc/avr/4.3.2/../../../../avr/lib/avr6/crtm2560.o
LOAD Power_Saver_Servant.o
LOAD ADC.o
LOAD motion.o
LOAD sensor.o
LOAD wireless.o
LOAD c:/winavr-20090313/bin/../lib/gcc/avr/4.3.2/avr6\libgcc.a
LOAD c:/winavr-20090313/bin/../lib/gcc/avr/4.3.2/../../../../avr/lib/avr6\libc.a
LOAD c:/winavr-20090313/bin/../lib/gcc/avr/4.3.2/avr6\libgcc.a

.hash
 *(.hash)

.dynsym
 *(.dynsym)

.dynstr
 *(.dynstr)

.gnu.version
 *(.gnu.version)

.gnu.version_d
 *(.gnu.version_d)

.gnu.version_r
 *(.gnu.version_r)

.rel.init
 *(.rel.init)

.rela.init
 *(.rela.init)

.rel.text
 *(.rel.text)
 *(.rel.text.*)
 *(.rel.gnu.linkonce.t*)

.rela.text
 *(.rela.text)
 *(.rela.text.*)
 *(.rela.gnu.linkonce.t*)

.rel.fini
 *(.rel.fini)

.rela.fini
 *(.rela.fini)

.rel.rodata
 *(.rel.rodata)
 *(.rel.rodata.*)
 *(.rel.gnu.linkonce.r*)

.rela.rodata
 *(.rela.rodata)
 *(.rela.rodata.*)
 *(.rela.gnu.linkonce.r*)

.rel.data
 *(.rel.data)
 *(.rel.data.*)
 *(.rel.gnu.linkonce.d*)

.rela.data
 *(.rela.data)
 *(.rela.data.*)
 *(.rela.gnu.linkonce.d*)

.rel.ctors
 *(.rel.ctors)

.rela.ctors
 *(.rela.ctors)

.rel.dtors
 *(.rel.dtors)

.rela.dtors
 *(.rela.dtors)

.rel.got
 *(.rel.got)

.rela.got
 *(.rela.got)

.rel.bss
 *(.rel.bss)

.rela.bss
 *(.rela.bss)

.rel.plt
 *(.rel.plt)

.rela.plt
 *(.rela.plt)

.text           0x00000000      0xa36
 *(.vectors)
 .vectors       0x00000000       0xe4 c:/winavr-20090313/bin/../lib/gcc/avr/4.3.2/../../../../avr/lib/avr6/crtm2560.o
                0x00000000                __vectors
                0x00000000                __vector_default
 *(.vectors)
 *(.progmem.gcc*)
 *(.progmem*)
                0x000000e4                . = ALIGN (0x2)
                0x000000e4                __trampolines_start = .
 *(.trampolines)
 .trampolines   0x000000e4        0x0 linker stubs
 *(.trampolines*)
                0x000000e4                __trampolines_end = .
 *(.jumptables)
 *(.jumptables*)
 *(.lowtext)
 *(.lowtext*)
                0x000000e4                __ctors_start = .
 *(.ctors)
                0x000000e4                __ctors_end = .
                0x000000e4                __dtors_start = .
 *(.dtors)
                0x000000e4                __dtors_end = .
 SORT(*)(.ctors)
 SORT(*)(.dtors)
 *(.init0)
 .init0         0x000000e4        0x0 c:/winavr-20090313/bin/../lib/gcc/avr/4.3.2/../../../../avr/lib/avr6/crtm2560.o
                0x000000e4                __init
 *(.init0)
 *(.init1)
 *(.init1)
 *(.init2)
 .init2         0x000000e4       0x10 c:/winavr-20090313/bin/../lib/gcc/avr/4.3.2/../../../../avr/lib/avr6/crtm2560.o
 *(.init2)
 *(.init3)
 *(.init3)
 *(.init4)
 .init4         0x000000f4       0x1a c:/winavr-20090313/bin/../lib/gcc/avr/4.3.2/../../../../avr/lib/avr6/crtm2560.o
                0x000000f4                __do_copy_data
 .init4         0x0000010e       0x10 c:/winavr-20090313/bin/../lib/gcc/avr/4.3.2/avr6\libgcc.a(_clear_bss.o)
                0x0000010e                __do_clear_bss
 *(.init4)
 *(.init5)
 *(.init5)
 *(.init6)
 *(.init6)
 *(.init7)
 *(.init7)
 *(.init8)
 *(.init8)
 *(.init9)
 .init9         0x0000011e        0x8 c:/winavr-20090313/bin/../lib/gcc/avr/4.3.2/../../../../avr/lib/avr6/crtm2560.o
 *(.init9)
 *(.text)
 .text          0x00000126        0x4 c:/winavr-20090313/bin/../lib/gcc/avr/4.3.2/../../../../avr/lib/avr6/crtm2560.o
                0x00000126                __vector_38
                0x00000126                __vector_22
                0x00000126                __vector_28
                0x00000126                __vector_1
                0x00000126                __vector_32
                0x00000126                __vector_34
                0x00000126                __vector_24
                0x00000126                __vector_12
                0x00000126                __vector_55
                0x00000126                __vector_46
                0x00000126                __bad_interrupt
                0x00000126                __vector_6
                0x00000126                __vector_31
                0x00000126                __vector_35
                0x00000126                __vector_39
                0x00000126                __vector_3
                0x00000126                __vector_23
                0x00000126                __vector_30
                0x00000126                __vector_45
                0x00000126                __vector_11
                0x00000126                __vector_54
                0x00000126                __vector_13
                0x00000126                __vector_17
                0x00000126                __vector_19
                0x00000126                __vector_56
                0x00000126                __vector_7
                0x00000126                __vector_49
                0x00000126                __vector_41
                0x00000126                __vector_43
                0x00000126                __vector_27
                0x00000126                __vector_5
                0x00000126                __vector_33
                0x00000126                __vector_47
                0x00000126                __vector_52
                0x00000126                __vector_37
                0x00000126                __vector_4
                0x00000126                __vector_44
                0x00000126                __vector_51
                0x00000126                __vector_9
                0x00000126                __vector_2
                0x00000126                __vector_21
                0x00000126                __vector_15
                0x00000126                __vector_36
                0x00000126                __vector_29
                0x00000126                __vector_40
                0x00000126                __vector_8
                0x00000126                __vector_26
                0x00000126                __vector_48
                0x00000126                __vector_14
                0x00000126                __vector_53
                0x00000126                __vector_10
                0x00000126                __vector_50
                0x00000126                __vector_16
                0x00000126                __vector_18
                0x00000126                __vector_20
                0x00000126                __vector_42
 .text          0x0000012a      0x6f6 Power_Saver_Servant.o
                0x000007d6                port_init
                0x000003c2                __vector_25
                0x000003b4                lcd_port_config
                0x00000432                save_power
                0x000007f4                init_devices
                0x0000023a                lcd_home
                0x000001f8                lcd_wr_char
                0x00000242                lcd_string
                0x00000294                lcd_print
                0x00000400                print_WL
                0x0000018e                lcd_wr_command
                0x0000025c                lcd_cursor
                0x000001d0                lcd_init
                0x0000080a                main
                0x0000012a                lcd_set_4bit
                0x000003ec                sensor
 .text          0x00000820       0xc4 ADC.o
                0x0000082e                timer5_init
                0x0000087e                ADC_Conversion
                0x00000820                adc_pin_config
                0x00000864                adc_init
                0x000008b8                print_sensor
 .text          0x000008e4       0xc4 motion.o
                0x000008e4                motion_pin_config
                0x00000906                buzzer_pin_config
                0x0000094e                right
                0x00000944                left
                0x0000092a                buzzer_off
                0x00000980                turn_around
                0x00000932                forward
                0x0000090c                velocity
                0x00000922                buzzer_on
                0x00000916                motion_set
                0x0000093c                stop
                0x00000958                turn_around_r
 .text          0x000009a8       0x42 sensor.o
                0x000009a8                check_motion
                0x000009d2                check_light
                0x000009ce                pir_pin_config
 .text          0x000009ea       0x20 wireless.o
                0x000009ea                uart0_init
 .text          0x00000a0a        0x0 c:/winavr-20090313/bin/../lib/gcc/avr/4.3.2/avr6\libgcc.a(_udivmodhi4.o)
 .text          0x00000a0a        0x0 c:/winavr-20090313/bin/../lib/gcc/avr/4.3.2/avr6\libgcc.a(_exit.o)
 .text          0x00000a0a        0x0 c:/winavr-20090313/bin/../lib/gcc/avr/4.3.2/avr6\libgcc.a(_clear_bss.o)
                0x00000a0a                . = ALIGN (0x2)
 *(.text.*)
 .text.libgcc   0x00000a0a       0x28 c:/winavr-20090313/bin/../lib/gcc/avr/4.3.2/avr6\libgcc.a(_udivmodhi4.o)
                0x00000a0a                __udivmodhi4
 .text.libgcc   0x00000a32        0x0 c:/winavr-20090313/bin/../lib/gcc/avr/4.3.2/avr6\libgcc.a(_exit.o)
 .text.libgcc   0x00000a32        0x0 c:/winavr-20090313/bin/../lib/gcc/avr/4.3.2/avr6\libgcc.a(_clear_bss.o)
                0x00000a32                . = ALIGN (0x2)
 *(.fini9)
 .fini9         0x00000a32        0x0 c:/winavr-20090313/bin/../lib/gcc/avr/4.3.2/avr6\libgcc.a(_exit.o)
                0x00000a32                exit
                0x00000a32                _exit
 *(.fini9)
 *(.fini8)
 *(.fini8)
 *(.fini7)
 *(.fini7)
 *(.fini6)
 *(.fini6)
 *(.fini5)
 *(.fini5)
 *(.fini4)
 *(.fini4)
 *(.fini3)
 *(.fini3)
 *(.fini2)
 *(.fini2)
 *(.fini1)
 *(.fini1)
 *(.fini0)
 .fini0         0x00000a32        0x4 c:/winavr-20090313/bin/../lib/gcc/avr/4.3.2/avr6\libgcc.a(_exit.o)
 *(.fini0)
                0x00000a36                _etext = .

.data           0x00800200       0x22 load address 0x00000a36
                0x00800200                PROVIDE (__data_start, .)
 *(.data)
 .data          0x00800200        0x0 c:/winavr-20090313/bin/../lib/gcc/avr/4.3.2/../../../../avr/lib/avr6/crtm2560.o
 .data          0x00800200       0x1f Power_Saver_Servant.o
                0x0080021e                TOTAL_ROOMS
                0x0080021d                W_Threshold
 .data          0x0080021f        0x0 ADC.o
 .data          0x0080021f        0x1 motion.o
                0x0080021f                W_Threshold1
 .data          0x00800220        0x1 sensor.o
                0x00800220                LIGHT_THRESHOLD
 .data          0x00800221        0x0 wireless.o
 .data          0x00800221        0x0 c:/winavr-20090313/bin/../lib/gcc/avr/4.3.2/avr6\libgcc.a(_udivmodhi4.o)
 .data          0x00800221        0x0 c:/winavr-20090313/bin/../lib/gcc/avr/4.3.2/avr6\libgcc.a(_exit.o)
 .data          0x00800221        0x0 c:/winavr-20090313/bin/../lib/gcc/avr/4.3.2/avr6\libgcc.a(_clear_bss.o)
 *(.data*)
 *(.rodata)
 *(.rodata*)
 *(.gnu.linkonce.d*)
                0x00800222                . = ALIGN (0x2)
 *fill*         0x00800221        0x1 00
                0x00800222                _edata = .
                0x00800222                PROVIDE (__data_end, .)

.bss            0x00800222       0x17
                0x00800222                PROVIDE (__bss_start, .)
 *(.bss)
 .bss           0x00800222        0x0 c:/winavr-20090313/bin/../lib/gcc/avr/4.3.2/../../../../avr/lib/avr6/crtm2560.o
 .bss           0x00800222        0x6 Power_Saver_Servant.o
                0x00800223                Left_white_line
                0x00800222                flag
                0x00800227                Front_IR_Sensor
                0x00800225                Right_white_line
                0x00800224                Center_white_line
                0x00800226                Front_Sharp_Sensor
 .bss           0x00800228        0x0 ADC.o
 .bss           0x00800228        0x0 motion.o
 .bss           0x00800228        0x0 sensor.o
 .bss           0x00800228        0x0 wireless.o
 .bss           0x00800228        0x0 c:/winavr-20090313/bin/../lib/gcc/avr/4.3.2/avr6\libgcc.a(_udivmodhi4.o)
 .bss           0x00800228        0x0 c:/winavr-20090313/bin/../lib/gcc/avr/4.3.2/avr6\libgcc.a(_exit.o)
 .bss           0x00800228        0x0 c:/winavr-20090313/bin/../lib/gcc/avr/4.3.2/avr6\libgcc.a(_clear_bss.o)
 *(.bss*)
 *(COMMON)
 COMMON         0x00800228       0x10 Power_Saver_Servant.o
                0x00800228                million
                0x0080022a                last_on
                0x0080022b                temp
                0x0080022d                i
                0x0080022f                tens
                0x00800231                data
                0x00800232                hundred
                0x00800234                unit
                0x00800236                thousand
 COMMON         0x00800238        0x1 ADC.o
                0x00800238                ADC_Value
                0x00800239                PROVIDE (__bss_end, .)
                0x00000a36                __data_load_start = LOADADDR (.data)
                0x00000a58                __data_load_end = (__data_load_start + SIZEOF (.data))

.noinit         0x00800239        0x0
                0x00800239                PROVIDE (__noinit_start, .)
 *(.noinit*)
                0x00800239                PROVIDE (__noinit_end, .)
                0x00800239                _end = .
                0x00800239                PROVIDE (__heap_start, .)

.eeprom         0x00810000        0x0
 *(.eeprom*)
                0x00810000                __eeprom_end = .

.fuse
 *(.fuse)
 *(.lfuse)
 *(.hfuse)
 *(.efuse)

.lock
 *(.lock*)

.signature
 *(.signature*)

.stab
 *(.stab)

.stabstr
 *(.stabstr)

.stab.excl
 *(.stab.excl)

.stab.exclstr
 *(.stab.exclstr)

.stab.index
 *(.stab.index)

.stab.indexstr
 *(.stab.indexstr)

.comment
 *(.comment)

.debug
 *(.debug)

.line
 *(.line)

.debug_srcinfo
 *(.debug_srcinfo)

.debug_sfnames
 *(.debug_sfnames)

.debug_aranges  0x00000000       0xa0
 *(.debug_aranges)
 .debug_aranges
                0x00000000       0x20 Power_Saver_Servant.o
 .debug_aranges
                0x00000020       0x20 ADC.o
 .debug_aranges
                0x00000040       0x20 motion.o
 .debug_aranges
                0x00000060       0x20 sensor.o
 .debug_aranges
                0x00000080       0x20 wireless.o

.debug_pubnames
                0x00000000      0x3ae
 *(.debug_pubnames)
 .debug_pubnames
                0x00000000      0x1ed Power_Saver_Servant.o
 .debug_pubnames
                0x000001ed       0x74 ADC.o
 .debug_pubnames
                0x00000261       0xd2 motion.o
 .debug_pubnames
                0x00000333       0x5a sensor.o
 .debug_pubnames
                0x0000038d       0x21 wireless.o

.debug_info     0x00000000      0xeca
 *(.debug_info)
 .debug_info    0x00000000      0x8b8 Power_Saver_Servant.o
 .debug_info    0x000008b8      0x12f ADC.o
 .debug_info    0x000009e7      0x382 motion.o
 .debug_info    0x00000d69       0xef sensor.o
 .debug_info    0x00000e58       0x72 wireless.o
 *(.gnu.linkonce.wi.*)

.debug_abbrev   0x00000000      0x4db
 *(.debug_abbrev)
 .debug_abbrev  0x00000000      0x221 Power_Saver_Servant.o
 .debug_abbrev  0x00000221       0xc0 ADC.o
 .debug_abbrev  0x000002e1      0x112 motion.o
 .debug_abbrev  0x000003f3       0xa9 sensor.o
 .debug_abbrev  0x0000049c       0x3f wireless.o

.debug_line     0x00000000      0xecb
 *(.debug_line)
 .debug_line    0x00000000      0x95e Power_Saver_Servant.o
 .debug_line    0x0000095e      0x18f ADC.o
 .debug_line    0x00000aed      0x29a motion.o
 .debug_line    0x00000d87       0xb2 sensor.o
 .debug_line    0x00000e39       0x92 wireless.o

.debug_frame    0x00000000      0x2a0
 *(.debug_frame)
 .debug_frame   0x00000000      0x110 Power_Saver_Servant.o
 .debug_frame   0x00000110       0x60 ADC.o
 .debug_frame   0x00000170       0xd0 motion.o
 .debug_frame   0x00000240       0x40 sensor.o
 .debug_frame   0x00000280       0x20 wireless.o

.debug_str      0x00000000      0x3d4
 *(.debug_str)
 .debug_str     0x00000000      0x23d Power_Saver_Servant.o
                                0x27d (size before relaxing)
 .debug_str     0x0000023d       0x5b ADC.o
                                0x101 (size before relaxing)
 .debug_str     0x00000298       0xd3 motion.o
                                0x16c (size before relaxing)
 .debug_str     0x0000036b       0x50 sensor.o
                                 0xee (size before relaxing)
 .debug_str     0x000003bb       0x19 wireless.o
                                 0xb2 (size before relaxing)

.debug_loc      0x00000000      0x3fe
 *(.debug_loc)
 .debug_loc     0x00000000      0x32d Power_Saver_Servant.o
 .debug_loc     0x0000032d       0x80 ADC.o
 .debug_loc     0x000003ad       0x39 motion.o
 .debug_loc     0x000003e6       0x18 sensor.o

.debug_macinfo
 *(.debug_macinfo)
OUTPUT(Power_Saver_Servant.elf elf32-avr)
LOAD linker stubs

.debug_ranges   0x00000000       0x48
 .debug_ranges  0x00000000       0x48 Power_Saver_Servant.o
